// Jest Snapshot v1, https://goo.gl/fbAQLP

exports[`BoardDetails should render BoardDetails 1`] = `
<div>
  <header
    class="sc-furwcr gznTzn"
    data-testid="header"
  >
    <div
      class="sc-pVTFL doYdbH"
    >
      <a
        class="sc-jrQzAO HnibN"
        href="/"
      >
        <span
          class="material-icons"
        >
          crop_original
        </span>
        <p
          class="sc-kDTinF lpfmpE"
        >
          headerTitle
        </p>
      </a>
    </div>
  </header>
  <section
    class="sc-dkPtRN fQLMUS"
    data-testid="board-header"
  >
    <a
      class="sc-jRQBWg irLjuY"
      href="/"
    >
      boardHeader.returnLinkText
    </a>
    <div
      class="sc-hKwDye hETRbD"
    >
      <h1
        class="sc-eCImPb cIClSu"
      >
        board 3
      </h1>
      <button
        class="sc-bdvvtL dRBcfm"
      >
        boardHeader.buttonText
      </button>
    </div>
  </section>
  <div
    class="sc-hGPBjI eIsNRz"
  >
    <div
      class="sc-dJjYzT fMzkQP"
    >
      <div
        class="sc-iqseJM fsyZAX"
        data-testid="board-column"
      >
        <div
          class="sc-crHmcD fUwZby"
        >
          <h4
            class="sc-egiyK cEBQIG"
          >
            column 1
          </h4>
          <button
            class="sc-bdvvtL boJPqq sc-bqiRlB dRlpIO"
          >
            boardColumn.addCard
          </button>
        </div>
        <div>
          <div
            class="sc-crHmcD czukwB"
          >
            <div
              class="sc-ksdxgE emXTuD"
            >
              card 1
            </div>
            <div
              class="sc-hBUSln lkdYcG"
            >
              <span
                class="sc-fotOHu jKaTeu"
              />
              <span
                class="material-icons sc-fFeiMQ fedWoZ"
              >
                favorite_border
              </span>
            </div>
          </div>
          <div
            class="sc-crHmcD czukwB"
          >
            <div
              class="sc-ksdxgE emXTuD"
            >
              card 2
            </div>
            <div
              class="sc-hBUSln lkdYcG"
            >
              <span
                class="sc-fotOHu jKaTeu"
              />
              <span
                class="material-icons sc-fFeiMQ fedWoZ"
              >
                favorite_border
              </span>
            </div>
          </div>
          <div
            class="sc-crHmcD czukwB"
          >
            <div
              class="sc-ksdxgE emXTuD"
            >
              card 3
            </div>
            <div
              class="sc-hBUSln lkdYcG"
            >
              <span
                class="sc-fotOHu jKaTeu"
              />
              <span
                class="material-icons sc-fFeiMQ fedWoZ"
              >
                favorite_border
              </span>
            </div>
          </div>
        </div>
      </div>
      <div
        class="sc-iqseJM fsyZAX"
        data-testid="board-column"
      >
        <div
          class="sc-crHmcD fUwZby"
        >
          <h4
            class="sc-egiyK cEBQIG"
          >
            column 2
          </h4>
          <button
            class="sc-bdvvtL boJPqq sc-bqiRlB dRlpIO"
          >
            boardColumn.addCard
          </button>
        </div>
        <div>
          <div
            class="sc-crHmcD czukwB"
          >
            <div
              class="sc-ksdxgE emXTuD"
            >
              card 1
            </div>
            <div
              class="sc-hBUSln lkdYcG"
            >
              <span
                class="sc-fotOHu jKaTeu"
              />
              <span
                class="material-icons sc-fFeiMQ fedWoZ"
              >
                favorite_border
              </span>
            </div>
          </div>
        </div>
      </div>
    </div>
  </div>
</div>
`;
