// Jest Snapshot v1, https://goo.gl/fbAQLP

exports[`BoardDetails should render BoardDetails 1`] = `
<div>
  <header
    class="sc-gKclnd dxViUN"
    data-testid="header"
  >
    <div
      class="sc-iCfMLu jSHKVz"
    >
      <a
        class="sc-furwcr jTmKIz"
        href="/"
      >
        <span
          class="material-icons"
        >
          crop_original
        </span>
        <p
          class="sc-pVTFL etiBEa"
        >
          headerTitle
        </p>
      </a>
    </div>
  </header>
  <section
    class="sc-dkPtRN fQLMUS"
    data-testid="board-header"
  >
    <a
      class="sc-jRQBWg irLjuY"
      href="/"
    >
      boardHeader.returnLinkText
    </a>
    <div
      class="sc-hKwDye AeogP"
    >
      <h1
        class="sc-eCImPb cIClSu"
      >
        board 3
      </h1>
      <button
        class="sc-bdvvtL dRBcfm"
      >
        boardHeader.buttonText
      </button>
    </div>
  </section>
  <div
    class="sc-ieecCq txdat"
  >
    <div
      class="sc-bkkeKt eILODw"
    >
      <div
        class="sc-jrQzAO KVAeT"
        data-testid="board-column"
      >
        <div
          class="sc-kDTinF iVEKsT"
        >
          <h4
            class="sc-iqseJM ccOzWi"
          >
            column 1
          </h4>
          <button
            class="sc-bdvvtL boJPqq sc-crHmcD LLhID"
          >
            boardColumn.addCard
          </button>
        </div>
        <div>
          <div
            class="sc-kDTinF jvUXPw"
          >
            <div
              class="sc-egiyK fqbiYA"
            >
              card 1
            </div>
            <div
              class="sc-bqiRlB ifTmuW"
            >
              <span
                class="sc-ksdxgE eeBAhX"
              />
              <span
                class="material-icons sc-hBUSln eKBvuv"
              >
                favorite_border
              </span>
            </div>
          </div>
          <div
            class="sc-kDTinF jvUXPw"
          >
            <div
              class="sc-egiyK fqbiYA"
            >
              card 2
            </div>
            <div
              class="sc-bqiRlB ifTmuW"
            >
              <span
                class="sc-ksdxgE eeBAhX"
              />
              <span
                class="material-icons sc-hBUSln eKBvuv"
              >
                favorite_border
              </span>
            </div>
          </div>
          <div
            class="sc-kDTinF jvUXPw"
          >
            <div
              class="sc-egiyK fqbiYA"
            >
              card 3
            </div>
            <div
              class="sc-bqiRlB ifTmuW"
            >
              <span
                class="sc-ksdxgE eeBAhX"
              />
              <span
                class="material-icons sc-hBUSln eKBvuv"
              >
                favorite_border
              </span>
            </div>
          </div>
        </div>
      </div>
      <div
        class="sc-jrQzAO KVAeT"
        data-testid="board-column"
      >
        <div
          class="sc-kDTinF iVEKsT"
        >
          <h4
            class="sc-iqseJM ccOzWi"
          >
            column 2
          </h4>
          <button
            class="sc-bdvvtL boJPqq sc-crHmcD LLhID"
          >
            boardColumn.addCard
          </button>
        </div>
        <div>
          <div
            class="sc-kDTinF jvUXPw"
          >
            <div
              class="sc-egiyK fqbiYA"
            >
              card 1
            </div>
            <div
              class="sc-bqiRlB ifTmuW"
            >
              <span
                class="sc-ksdxgE eeBAhX"
              />
              <span
                class="material-icons sc-hBUSln eKBvuv"
              >
                favorite_border
              </span>
            </div>
          </div>
        </div>
      </div>
    </div>
  </div>
</div>
`;
