// Jest Snapshot v1, https://goo.gl/fbAQLP

exports[`BoardDetails should render BoardDetails 1`] = `
<div>
  <header
    class="sc-gKclnd ipdYrQ"
    data-testid="header"
  >
    <div
      class="sc-iCfMLu jSHKVz"
    >
      <a
        class="sc-furwcr jTmKIz"
        href="/"
      >
        <span
          class="material-icons"
        >
          crop_original
        </span>
        <p
          class="sc-pVTFL etiBEa"
        >
          headerTitle
        </p>
      </a>
    </div>
  </header>
  <section
    class="sc-dkPtRN fQLMUS"
    data-testid="board-header"
  >
    <a
      class="sc-jRQBWg irLjuY"
      href="/"
    >
      boardHeader.returnLinkText
    </a>
    <div
      class="sc-hKwDye AeogP"
    >
      <h1
        class="sc-eCImPb cIClSu"
      >
        mockedName
      </h1>
      <button
        class="sc-bdvvtL dRBcfm"
      >
        boardHeader.buttonText
      </button>
    </div>
  </section>
</div>
`;
