// Jest Snapshot v1, https://goo.gl/fbAQLP

exports[`Header should render Header 1`] = `
<div>
  <header
    class="sc-bdvvtL bFcoto"
  >
    <div
      class="sc-gsDKAQ fjfUlk"
    >
      <div
        class="sc-dkPtRN DFFod"
      >
        <span
          class="material-icons"
        >
          crop_original
        </span>
        <p
          class="sc-hKwDye bcymKS"
        />
      </div>
    </div>
  </header>
</div>
`;
