// Jest Snapshot v1, https://goo.gl/fbAQLP

exports[`Layout should render Layout 1`] = `
<div>
  <header
    class="sc-gsDKAQ iAvKGC"
  >
    <div
      class="sc-dkPtRN fmryAs"
    >
      <a
        class="sc-hKwDye eoFuTM"
        href="/"
      >
        <span
          class="material-icons"
        >
          crop_original
        </span>
        <p
          class="sc-eCImPb khQFgy"
        >
          headerTitle
        </p>
      </a>
    </div>
  </header>
  <main
    class="sc-bdvvtL iQOlZf"
  />
</div>
`;
