// Jest Snapshot v1, https://goo.gl/fbAQLP

exports[`Layout should render Layout 1`] = `
<div>
  <header
    class="sc-gsDKAQ iAvKGC"
  >
    <div
      class="sc-dkPtRN bhizMc"
    >
      <a
        class="sc-hKwDye eoFuTM"
        href="/"
      >
        <span
          class="material-icons"
        >
          crop_original
        </span>
        <p
          class="sc-eCImPb khQFgy"
        >
          headerTitle
        </p>
      </a>
    </div>
  </header>
  <section
    class="sc-iCfMLu haukXO"
  >
    <a
      class="sc-jrQzAO dXGhEw"
      href="/"
    >
      boardHeader.returnLinkText
    </a>
    <div
      class="sc-furwcr ARNEI"
    >
      <h1
        class="sc-pVTFL jlLGXi"
      >
        Board name 1
      </h1>
      <button
        class="sc-jRQBWg cXlHWf"
      >
        boardHeader.buttonText
      </button>
    </div>
  </section>
  <main
    class="sc-bdvvtL dsUGuX"
  />
</div>
`;
