// Jest Snapshot v1, https://goo.gl/fbAQLP

exports[`Layout should render Layout 1`] = `
<div>
  <header
    class="sc-bdvvtL fJsLPe"
    data-testid="header"
  >
    <div
      class="sc-gsDKAQ jYlgVk"
    >
      <a
        class="sc-dkPtRN ijCfmr"
        href="/"
      >
        <span
          class="material-icons"
        >
          crop_original
        </span>
        <p
          class="sc-hKwDye bcymKS"
        >
          headerTitle
        </p>
      </a>
    </div>
  </header>
</div>
`;
