// Jest Snapshot v1, https://goo.gl/fbAQLP

exports[`BoardColumn should render BoardColumn component 1`] = `
<div>
  <div
    class="sc-dkPtRN dEbUgK"
  >
    <div
      class="sc-hKwDye iYNrnp"
    >
      <h4
        class="sc-eCImPb gGbVhf"
      >
        boardColumn.title
      </h4>
      <button
        class="sc-bdvvtL boJPqq sc-jRQBWg ishcL"
      >
        boardColumn.addCard
      </button>
    </div>
    <div />
  </div>
</div>
`;
