// Jest Snapshot v1, https://goo.gl/fbAQLP

exports[`ContextMenu should renders correctly ContextMenu 1`] = `
<div>
  <div
    class="sc-gsDKAQ kabCuV"
  >
    <button
      aria-controls="1"
      aria-expanded="false"
      aria-haspopup="menu"
      class="sc-dkPtRN fTfaNe"
    >
      <span
        class="material-icons"
      >
        more_horiz
      </span>
    </button>
    <nav
      class="sc-hKwDye chYRkN"
      id="1"
    >
      <ul
        class="sc-bdvvtL bPqLpk"
      >
        <li
          class="sc-eCImPb ihRWfz"
        >
          <button
            class="sc-jRQBWg IsWJg"
          >
            <span
              class="material-icons sc-gKclnd ezggst"
            >
              lock
            </span>
            setPassword
          </button>
        </li>
        <li
          class="sc-eCImPb ihRWfz"
        >
          <button
            class="sc-jRQBWg IsWJg"
          >
            <span
              class="material-icons sc-gKclnd ezggst"
            >
              delete
            </span>
            deleteBoard
          </button>
        </li>
      </ul>
    </nav>
  </div>
</div>
`;
