// Jest Snapshot v1, https://goo.gl/fbAQLP

exports[`AddColumnModal should render AddColumnModal correctly 1`] = `
<body
  style="overflow: hidden;"
>
  <div />
  <div
    id="modal-portal"
  >
    <div
      class="sc-dkPtRN hBZupT"
      data-testid="backdrop"
    />
    <div
      aria-hidden="false"
      class="sc-hKwDye hLjaqj"
      data-testid="modal"
      role="dialog"
    >
      <div
        class="sc-eCImPb jdRPcx"
      >
        <p
          class="sc-gKclnd eVXqrc"
          id="modalTitle"
        >
          addColumnModal.title
        </p>
        <p
          class="sc-iCfMLu hKohOx"
          id="modalSubtitle"
        >
          addColumnModal.subtitle
        </p>
      </div>
      <div
        class="sc-furwcr coHOBm"
      >
        <input
          class="sc-iqseJM hgSgod sc-egiyK cJcWzW"
          maxlength="30"
          value=""
        />
        <span
          class="sc-crHmcD dpZhDT"
          data-testid="character-counter"
        >
          0
          /
          30
        </span>
      </div>
      <div
        class="sc-pVTFL ldmNEs"
      >
        <button
          class="sc-bdvvtL jVCSJw sc-jrQzAO bsfgRs"
        >
          buttons.cancel
        </button>
        <button
          class="sc-bdvvtL dRBcfm sc-kDTinF gcMRAr"
          disabled=""
        >
          buttons.save
        </button>
      </div>
    </div>
  </div>
</body>
`;
