// Jest Snapshot v1, https://goo.gl/fbAQLP

exports[`SetPasswordModal should render SetPasswordModal correctly 1`] = `
<body
  style="overflow: hidden;"
>
  <div />
  <div
    id="modal-portal"
  >
    <div
      class="sc-dkPtRN hBZupT"
      data-testid="backdrop"
    />
    <div
      aria-hidden="false"
      class="sc-hKwDye loeQtZ"
      role="dialog"
    >
      <div
        class="sc-eCImPb jdRPcx"
      >
        <span
          class="material-icons sc-jRQBWg jPDVsh"
        >
          lock_outline
        </span>
        <p
          class="sc-gKclnd eVXqrc"
          id="modalTitle"
        >
          setPasswordModal.title
        </p>
        <p
          class="sc-iCfMLu hKohOx"
          id="modalSubtitle"
        >
          setPasswordModal.subtitle
        </p>
      </div>
      <div
        class="sc-furwcr flDNAI"
      >
        <input
          class="sc-iqseJM hgSgod sc-egiyK cJcWzW"
          type="password"
        />
      </div>
      <div
        class="sc-pVTFL hIvRrS"
      >
        <button
          class="sc-bdvvtL jVCSJw sc-jrQzAO bsfgRs"
        >
          buttons.cancel
        </button>
        <button
          class="sc-bdvvtL dRBcfm sc-kDTinF gcMRAr"
        >
          buttons.continue
        </button>
      </div>
    </div>
  </div>
</body>
`;
