// Jest Snapshot v1, https://goo.gl/fbAQLP

exports[`Home should render Home page 1`] = `
<div>
  <div
    class="container"
  >
    <header
      class="sc-eCImPb jEdnXJ"
    >
      <div
        class="sc-jRQBWg dquuTs"
      >
        <a
          class="sc-gKclnd dkHLmp"
          href="/"
        >
          <span
            class="material-icons"
          >
            crop_original
          </span>
          <p
            class="sc-iCfMLu igRBkW"
          >
            headerTitle
          </p>
        </a>
      </div>
    </header>
    <section
      class="sc-furwcr heTTgl"
    >
      <a
        class="sc-kDTinF aAGsX"
        href="/"
      >
        boardHeader.returnLinkText
      </a>
      <div
        class="sc-pVTFL kNzaUD"
      >
        <h1
          class="sc-jrQzAO lmkYbL"
        >
          Board name 1
        </h1>
        <button
          class="sc-bdvvtL dRBcfm"
        >
          boardHeader.buttonText
        </button>
      </div>
    </section>
    <main
      class="sc-hKwDye gmyMrp"
    >
      <div
        class="sc-dkPtRN hzCcxk"
        role="button"
        tabindex="0"
      >
        <button
          class="sc-bdvvtL dRBcfm"
        >
          <span
            class="material-icons sc-gsDKAQ jUyrhl"
          >
            crop_original
          </span>
          New board
        </button>
      </div>
      <br />
      <div
        class="sc-iqseJM iQfFdZ"
      >
        <h4
          class="sc-egiyK evVByg"
        >
          Board name 1
        </h4>
        <p
          class="sc-ksdxgE sc-hBUSln bpPweS jyJWLq"
        >
          1 Jan 2022
        </p>
        <div
          class="sc-bqiRlB kbYyGt"
        >
          <p
            class="sc-ksdxgE bpPweS"
          >
            cardCount
          </p>
          <div
            class="sc-fFeiMQ gGYODG"
          >
            <button
              aria-controls="1"
              aria-expanded="false"
              aria-haspopup="menu"
              class="sc-bkkeKt ksylVd"
            >
              <span
                class="material-icons"
              >
                more_horiz
              </span>
            </button>
            <nav
              class="sc-ieecCq grwoil"
              id="1"
            >
              <ul
                class="sc-fotOHu kHazPt"
              >
                <li
                  class="sc-dJjYzT SGxaU"
                >
                  <button
                    class="sc-hGPBjI jrqxoF"
                  >
                    <span
                      class="material-icons sc-dlVxhl irFiua"
                    >
                      lock_outlined
                    </span>
                    contextMenu.setPassword
                  </button>
                </li>
                <li
                  class="sc-dJjYzT SGxaU"
                >
                  <button
                    class="sc-hGPBjI jrqxoF"
                  >
                    <span
                      class="material-icons sc-dlVxhl irFiua"
                    >
                      delete_outlined
                    </span>
                    contextMenu.deleteBoard
                  </button>
                </li>
              </ul>
            </nav>
          </div>
        </div>
      </div>
      <br />
      <div
        class="sc-iqseJM iQfFdZ"
      >
        <div
          class="sc-crHmcD hnEOjp"
        >
          <span
            class="material-icons"
          >
            lock_outlined
          </span>
        </div>
        <h4
          class="sc-egiyK evVByg"
        >
          Board name 1
        </h4>
        <p
          class="sc-ksdxgE sc-hBUSln bpPweS jyJWLq"
        >
          1 Jan 2022
        </p>
        <div
          class="sc-bqiRlB kbYyGt"
        >
          <p
            class="sc-ksdxgE bpPweS"
          >
            cardCount
          </p>
          <div
            class="sc-fFeiMQ gGYODG"
          >
            <button
              aria-controls="2"
              aria-expanded="false"
              aria-haspopup="menu"
              class="sc-bkkeKt ksylVd"
            >
              <span
                class="material-icons"
              >
                more_horiz
              </span>
            </button>
            <nav
              class="sc-ieecCq grwoil"
              id="2"
            >
              <ul
                class="sc-fotOHu kHazPt"
              >
                <li
                  class="sc-dJjYzT SGxaU"
                >
                  <button
                    class="sc-hGPBjI jrqxoF"
                  >
                    <span
                      class="material-icons sc-dlVxhl irFiua"
                    >
                      lock_outlined
                    </span>
                    contextMenu.removePassword
                  </button>
                </li>
                <li
                  class="sc-dJjYzT SGxaU"
                >
                  <button
                    class="sc-hGPBjI jrqxoF"
                  >
                    <span
                      class="material-icons sc-dlVxhl irFiua"
                    >
                      delete_outlined
                    </span>
                    contextMenu.deleteBoard
                  </button>
                </li>
              </ul>
            </nav>
          </div>
        </div>
      </div>
      <br />
      <div
        class="sc-iqseJM iQfFdZ"
      >
        <div
          class="sc-crHmcD hnEOjp"
        >
          <span
            class="material-icons"
          >
            lock_outlined
          </span>
        </div>
        <h4
          class="sc-egiyK evVByg"
        >
          Board name 1
        </h4>
        <p
          class="sc-ksdxgE sc-hBUSln bpPweS jyJWLq"
        >
          1 Jan 2022
        </p>
        <div
          class="sc-bqiRlB kbYyGt"
        >
          <p
            class="sc-ksdxgE bpPweS"
          >
            cardCount
          </p>
          <div
            class="sc-fFeiMQ gGYODG"
          >
            <button
              aria-controls="3"
              aria-expanded="false"
              aria-haspopup="menu"
              class="sc-bkkeKt ksylVd"
            >
              <span
                class="material-icons"
              >
                more_horiz
              </span>
            </button>
            <nav
              class="sc-ieecCq grwoil"
              id="3"
            >
              <ul
                class="sc-fotOHu kHazPt"
              >
                <li
                  class="sc-dJjYzT SGxaU"
                >
                  <button
                    class="sc-hGPBjI jrqxoF"
                  >
                    <span
                      class="material-icons sc-dlVxhl irFiua"
                    >
                      lock_outlined
                    </span>
                    contextMenu.removePassword
                  </button>
                </li>
                <li
                  class="sc-dJjYzT SGxaU"
                >
                  <button
                    class="sc-hGPBjI jrqxoF"
                  >
                    <span
                      class="material-icons sc-dlVxhl irFiua"
                    >
                      delete_outlined
                    </span>
                    contextMenu.deleteBoard
                  </button>
                </li>
              </ul>
            </nav>
          </div>
        </div>
      </div>
      <br />
      <div
        class="sc-kfPuZi cfJDbS"
      >
        <div
          class="sc-fKVqWL bVTDDe"
        >
          <h4
            class="sc-bBHxTw cXjrLk"
          >
            boardColumn.title
          </h4>
          <button
            class="sc-bdvvtL boJPqq sc-iwjdpV hFWJPS"
          >
            boardColumn.addCard
          </button>
        </div>
        <div />
      </div>
      <br />
      <button
        class="sc-bdvvtL dRBcfm"
      >
        Continue
      </button>
      <br />
      <button
        class="sc-bdvvtL dRBcfm"
        disabled=""
      >
        Continue
      </button>
      <br />
      <button
        class="sc-bdvvtL dRBcfm"
      >
        <span
          class="material-icons sc-gsDKAQ jUyrhl"
        >
          crop_original
        </span>
        Continue
      </button>
      <br />
      <button
        class="sc-bdvvtL dRBcfm"
        disabled=""
      >
        <span
          class="material-icons sc-gsDKAQ jUyrhl"
        >
          crop_original
        </span>
        Continue
      </button>
      <br />
      <button
        class="sc-bdvvtL jVCSJw"
      >
        Continue
      </button>
      <br />
      <button
        class="sc-bdvvtL jVCSJw"
        disabled=""
      >
        Continue
      </button>
      <br />
      <button
        class="sc-bdvvtL jVCSJw"
      >
        <span
          class="material-icons sc-gsDKAQ jUyrhl"
        >
          crop_original
        </span>
        Continue
      </button>
      <br />
      <button
        class="sc-bdvvtL jVCSJw"
        disabled=""
      >
        <span
          class="material-icons sc-gsDKAQ jUyrhl"
        >
          crop_original
        </span>
        Continue
      </button>
      <br />
    </main>
  </div>
</div>
`;
