// Jest Snapshot v1, https://goo.gl/fbAQLP

exports[`Home should render Home page 1`] = `
<div>
  <div
    class="container"
  >
    <header
      class="sc-eCImPb jEdnXJ"
    >
      <div
        class="sc-jRQBWg dquuTs"
      >
        <a
          class="sc-gKclnd dkHLmp"
          href="/"
        >
          <span
            class="material-icons"
          >
            crop_original
          </span>
          <p
            class="sc-iCfMLu igRBkW"
          >
            headerTitle
          </p>
        </a>
      </div>
    </header>
    <section
      class="sc-furwcr heTTgl"
    >
      <a
        class="sc-kDTinF aAGsX"
        href="/"
      >
        boardHeader.returnLinkText
      </a>
      <div
        class="sc-pVTFL kNzaUD"
      >
        <h1
          class="sc-jrQzAO lmkYbL"
        >
          Board name 1
        </h1>
        <button
          class="sc-bdvvtL dRBcfm"
        >
          boardHeader.buttonText
        </button>
      </div>
    </section>
    <main
      class="sc-hKwDye gmyMrp"
    >
      <div
        class="sc-dkPtRN hzCcxk"
        role="button"
        tabindex="0"
      >
        <button
          class="sc-bdvvtL dRBcfm"
        >
          <span
            class="material-icons sc-gsDKAQ jUyrhl"
          >
            crop_original
          </span>
          New board
        </button>
      </div>
      <div
        class="sc-fFeiMQ dNia-de"
      >
        <div
          class="sc-bkkeKt LBrMG"
        >
          <span
            class="material-icons"
          >
            lock_outlined
          </span>
        </div>
        <h4
          class="sc-ieecCq cUeaeN"
        >
          Board name 1
        </h4>
        <p
          class="sc-dJjYzT sc-hGPBjI hrFqvL jdqmmu"
        >
          1 Jan 2022
        </p>
        <p
          class="sc-dJjYzT hrFqvL"
        >
          cardCount
        </p>
      </div>
      <div
        class="sc-fFeiMQ dNia-de"
      >
        <div
          class="sc-bkkeKt LBrMG"
        >
          <span
            class="material-icons"
          >
            lock_outlined
          </span>
        </div>
        <h4
          class="sc-ieecCq cUeaeN"
        >
          Board name 1
        </h4>
        <p
          class="sc-dJjYzT sc-hGPBjI hrFqvL jdqmmu"
        >
          1 Jan 2022
        </p>
        <p
          class="sc-dJjYzT hrFqvL"
        >
          cardCount
        </p>
      </div>
      <div
        class="sc-fFeiMQ dNia-de"
      >
        <div
          class="sc-bkkeKt LBrMG"
        >
          <span
            class="material-icons"
          >
            lock_outlined
          </span>
        </div>
        <h4
          class="sc-ieecCq cUeaeN"
        >
          Board name 1
        </h4>
        <p
          class="sc-dJjYzT sc-hGPBjI hrFqvL jdqmmu"
        >
          1 Jan 2022
        </p>
        <p
          class="sc-dJjYzT hrFqvL"
        >
          cardCount
        </p>
      </div>
      <div
        class="sc-crHmcD dVAprW"
      >
        <button
          aria-controls="5"
          aria-expanded="false"
          aria-haspopup="menu"
          class="sc-egiyK jLvaxE"
        >
          <span
            class="material-icons"
          >
            more_horiz
          </span>
        </button>
        <nav
          class="sc-bqiRlB jpbSMX"
          id="5"
        >
          <ul
            class="sc-iqseJM gZgkLn"
          >
            <li
              class="sc-ksdxgE eJwAGR"
            >
              <button
                class="sc-hBUSln gjSsDd"
              >
                <span
                  class="material-icons sc-fotOHu bVYBwC"
                >
                  lock
                </span>
                setPassword
              </button>
            </li>
            <li
              class="sc-ksdxgE eJwAGR"
            >
              <button
                class="sc-hBUSln gjSsDd"
              >
                <span
                  class="material-icons sc-fotOHu bVYBwC"
                >
                  delete
                </span>
                deleteBoard
              </button>
            </li>
          </ul>
        </nav>
      </div>
      <div
        class="sc-dlVxhl bTgdtD"
      >
        <div
          class="sc-kfPuZi inXLbU"
        >
          <h4
            class="sc-fKVqWL fhrrNG"
          >
            boardColumn.title
          </h4>
          <button
            class="sc-bdvvtL boJPqq sc-bBHxTw kxqQUD"
          >
            boardColumn.addCard
          </button>
        </div>
        <div />
      </div>
    </main>
    <br />
    <button
      class="sc-bdvvtL dRBcfm"
    >
      Continue
    </button>
    <br />
    <button
      class="sc-bdvvtL dRBcfm"
      disabled=""
    >
      Continue
    </button>
    <br />
    <button
      class="sc-bdvvtL dRBcfm"
    >
      <span
        class="material-icons sc-gsDKAQ jUyrhl"
      >
        crop_original
      </span>
      Continue
    </button>
    <br />
    <button
      class="sc-bdvvtL dRBcfm"
      disabled=""
    >
      <span
        class="material-icons sc-gsDKAQ jUyrhl"
      >
        crop_original
      </span>
      Continue
    </button>
    <br />
    <button
      class="sc-bdvvtL jVCSJw"
    >
      Continue
    </button>
    <br />
    <button
      class="sc-bdvvtL jVCSJw"
      disabled=""
    >
      Continue
    </button>
    <br />
    <button
      class="sc-bdvvtL jVCSJw"
    >
      <span
        class="material-icons sc-gsDKAQ jUyrhl"
      >
        crop_original
      </span>
      Continue
    </button>
    <br />
    <button
      class="sc-bdvvtL jVCSJw"
      disabled=""
    >
      <span
        class="material-icons sc-gsDKAQ jUyrhl"
      >
        crop_original
      </span>
      Continue
    </button>
    <br />
  </div>
</div>
`;
