// Jest Snapshot v1, https://goo.gl/fbAQLP

exports[`BoardHeader should render BoardHeader 1`] = `
<div>
  <section
    class="sc-dkPtRN fQLMUS"
    data-testid="board-header"
  >
    <a
      class="sc-jRQBWg irLjuY"
      href="/"
    >
      Return to main board
    </a>
    <div
      class="sc-hKwDye hETRbD"
    >
      <h1
        class="sc-eCImPb cIClSu"
      >
        Board name 1
      </h1>
      <button
        class="sc-bdvvtL dRBcfm"
      >
        New Column
      </button>
    </div>
  </section>
</div>
`;
