// Jest Snapshot v1, https://goo.gl/fbAQLP

exports[`BoardTilesList should render name, date, no icon when password is not provided or render render icon when password is provided 1`] = `
<div>
  <div
    class="sc-bBHxTw jtJnKI"
    data-testid="board-tiles-list"
  >
    <div
      class="sc-hBUSln inUYiV"
      data-testid="create-board-tile"
      role="button"
      tabindex="0"
    >
      <button
        class="sc-bqiRlB jEYJwa"
      >
        <span
          class="material-icons sc-ksdxgE gqsCXw"
        >
          crop_original
        </span>
        New board
      </button>
    </div>
  </div>
</div>
`;
