// Jest Snapshot v1, https://goo.gl/fbAQLP

exports[`BoardTilesList should render name, date, no icon when password is not provided or render render icon when password is provided 1`] = `
<div>
  <div
    class="sc-kfPuZi ebNvPM"
  >
    <div
      class="sc-bqiRlB bKrmmx"
      role="button"
      tabindex="0"
    >
      <button
        class="sc-crHmcD lefaQv"
      >
        <span
          class="material-icons sc-egiyK jjEWZz"
        >
          crop_original
        </span>
        New board
      </button>
    </div>
  </div>
</div>
`;
