// Jest Snapshot v1, https://goo.gl/fbAQLP

exports[`BoardCreator renders modal BoardCreator 1`] = `
<body>
  <div />
  <div
    id="modal-portal"
  >
    <div
      aria-hidden="false"
      class="sc-dkPtRN gVYaq"
      data-testid="board-creator"
      role="dialog"
    >
      <button
        class="sc-bdvvtL dRBcfm sc-hKwDye kMksWp"
      >
        <span
          class="material-icons sc-gsDKAQ jUyrhl"
        >
          close
        </span>
      </button>
      <div
        class="sc-eCImPb brrNer"
      >
        <div
          class="sc-jRQBWg tHMPR"
        >
          createNewBoard.createNewBoardTitle
        </div>
        <div
          class="sc-furwcr kwUPmU"
        >
          createNewBoard.createNewBoardSubtitle
        </div>
        <input
          class="sc-pVTFL QCglC"
          maxlength="50"
          type="text"
        />
        <span
          class="sc-iCfMLu cokwAc sc-jrQzAO eNGvOJ"
          data-testid="character-counter"
        >
          0
          /
          50
        </span>
        <button
          class="sc-bdvvtL dRBcfm sc-gKclnd eWCgBz"
          disabled=""
        >
          buttons.continue
        </button>
      </div>
    </div>
  </div>
</body>
`;

exports[`BoardCreator should filled input field correctly 1`] = `
<body>
  <div />
  <div
    id="modal-portal"
  >
    <div
      aria-hidden="false"
      class="sc-dkPtRN gVYaq"
      data-testid="board-creator"
      role="dialog"
    >
      <button
        class="sc-bdvvtL dRBcfm sc-hKwDye kMksWp"
      >
        <span
          class="material-icons sc-gsDKAQ jUyrhl"
        >
          close
        </span>
      </button>
      <div
        class="sc-eCImPb brrNer"
      >
        <div
          class="sc-jRQBWg tHMPR"
        >
          createNewBoard.createNewBoardTitle
        </div>
        <div
          class="sc-furwcr kwUPmU"
        >
          createNewBoard.createNewBoardSubtitle
        </div>
        <input
          class="sc-pVTFL QCglC"
          maxlength="50"
          type="text"
        />
        <span
          class="sc-iCfMLu cokwAc sc-jrQzAO eNGvOJ"
          data-testid="character-counter"
        >
          0
          /
          50
        </span>
        <button
          class="sc-bdvvtL dRBcfm sc-gKclnd eWCgBz"
          disabled=""
        >
          buttons.continue
        </button>
      </div>
    </div>
  </div>
</body>
`;
