// Jest Snapshot v1, https://goo.gl/fbAQLP

exports[`ContextMenuItem should renders correctly 1`] = `
<div>
  <li
    class="sc-bdvvtL jZIOSJ"
    data-testid="context-menu-item"
  >
    <button
      class="sc-gsDKAQ gxJInU"
    >
      <span
        class="material-icons sc-dkPtRN lhuhQn"
      >
        lock
      </span>
      Testname
    </button>
  </li>
</div>
`;
